[NbConvertApp] Converting notebook 04_run_experiments.ipynb to notebook
C:\Users\valef\anaconda3\envs\creditcard\Lib\site-packages\zmq\_future.py:718: RuntimeWarning: Proactor event loop does not implement add_reader family of methods required for zmq. Registering an additional selector thread for add_reader support via tornado. Use `asyncio.set_event_loop_policy(WindowsSelectorEventLoopPolicy())` to avoid this warning.
  self._get_loop()
[IPKernelApp] WARNING | Kernel is running over TCP without encryption. All communication (including code and outputs) is sent in plain text and is susceptible to eavesdropping. Use IPC transport or launch with kernel manager-provisioned CurveZMQ keys to enable transport encryption.
Traceback (most recent call last):
  File [35m"C:\Users\valef\anaconda3\envs\creditcard\Lib\site-packages\joblib\externals\loky\backend\resource_tracker.py"[0m, line [35m386[0m, in [35mmain[0m
    del [31mcache[rtype][0m[1;31m[name][0m
        [31m~~~~~~~~~~~~[0m[1;31m^^^^^^[0m
[1;35mKeyError[0m: [35m'C:\\Users\\valef\\AppData\\Local\\Temp\\joblib_memmapping_folder_31196_90efcbc65ed64ee2973e59d907150d43_cff963251aed4dedb3dd554745f2c329'[0m
Traceback (most recent call last):
  File [35m"C:\Users\valef\anaconda3\envs\creditcard\Lib\site-packages\joblib\externals\loky\backend\resource_tracker.py"[0m, line [35m386[0m, in [35mmain[0m
    del [31mcache[rtype][0m[1;31m[name][0m
        [31m~~~~~~~~~~~~[0m[1;31m^^^^^^[0m
[1;35mKeyError[0m: [35m'C:\\Users\\valef\\AppData\\Local\\Temp\\joblib_memmapping_folder_31196_aae99855ec6d458183e3703c90a83c35_0ce7ee96bc3b49b7a5d0bfa222a7b98f'[0m
Traceback (most recent call last):
  File [35m"C:\Users\valef\anaconda3\envs\creditcard\Lib\site-packages\joblib\externals\loky\backend\resource_tracker.py"[0m, line [35m386[0m, in [35mmain[0m
    del [31mcache[rtype][0m[1;31m[name][0m
        [31m~~~~~~~~~~~~[0m[1;31m^^^^^^[0m
[1;35mKeyError[0m: [35m'C:\\Users\\valef\\AppData\\Local\\Temp\\joblib_memmapping_folder_31196_aae99855ec6d458183e3703c90a83c35_0d9abbe6626f4985a1b16ee81729076a'[0m
Traceback (most recent call last):
  File "C:\Users\valef\anaconda3\envs\creditcard\Scripts\jupyter-nbconvert-script.py", line 10, in <module>
    sys.exit(main())
             ~~~~^^
  File "C:\Users\valef\anaconda3\envs\creditcard\Lib\site-packages\jupyter_core\application.py", line 284, in launch_instance
    super().launch_instance(argv=argv, **kwargs)
    ~~~~~~~~~~~~~~~~~~~~~~~^^^^^^^^^^^^^^^^^^^^^
  File "C:\Users\valef\anaconda3\envs\creditcard\Lib\site-packages\traitlets\config\application.py", line 1082, in launch_instance
    app.start()
    ~~~~~~~~~^^
  File "C:\Users\valef\anaconda3\envs\creditcard\Lib\site-packages\nbconvert\nbconvertapp.py", line 420, in start
    self.convert_notebooks()
    ~~~~~~~~~~~~~~~~~~~~~~^^
  File "C:\Users\valef\anaconda3\envs\creditcard\Lib\site-packages\nbconvert\nbconvertapp.py", line 597, in convert_notebooks
    self.convert_single_notebook(notebook_filename)
    ~~~~~~~~~~~~~~~~~~~~~~~~~~~~^^^^^^^^^^^^^^^^^^^
  File "C:\Users\valef\anaconda3\envs\creditcard\Lib\site-packages\nbconvert\nbconvertapp.py", line 563, in convert_single_notebook
    output, resources = self.export_single_notebook(
                        ~~~~~~~~~~~~~~~~~~~~~~~~~~~^
        notebook_filename, resources, input_buffer=input_buffer
        ^^^^^^^^^^^^^^^^^^^^^^^^^^^^^^^^^^^^^^^^^^^^^^^^^^^^^^^
    )
    ^
  File "C:\Users\valef\anaconda3\envs\creditcard\Lib\site-packages\nbconvert\nbconvertapp.py", line 487, in export_single_notebook
    output, resources = self.exporter.from_filename(
                        ~~~~~~~~~~~~~~~~~~~~~~~~~~~^
        notebook_filename, resources=resources
        ^^^^^^^^^^^^^^^^^^^^^^^^^^^^^^^^^^^^^^
    )
    ^
  File "C:\Users\valef\anaconda3\envs\creditcard\Lib\site-packages\nbconvert\exporters\exporter.py", line 201, in from_filename
    return self.from_file(f, resources=resources, **kw)
           ~~~~~~~~~~~~~~^^^^^^^^^^^^^^^^^^^^^^^^^^^^^^
  File "C:\Users\valef\anaconda3\envs\creditcard\Lib\site-packages\nbconvert\exporters\exporter.py", line 220, in from_file
    return self.from_notebook_node(
           ~~~~~~~~~~~~~~~~~~~~~~~^
        nbformat.read(file_stream, as_version=4), resources=resources, **kw
        ^^^^^^^^^^^^^^^^^^^^^^^^^^^^^^^^^^^^^^^^^^^^^^^^^^^^^^^^^^^^^^^^^^^
    )
    ^
  File "C:\Users\valef\anaconda3\envs\creditcard\Lib\site-packages\nbconvert\exporters\notebook.py", line 36, in from_notebook_node
    nb_copy, resources = super().from_notebook_node(nb, resources, **kw)
                         ~~~~~~~~~~~~~~~~~~~~~~~~~~^^^^^^^^^^^^^^^^^^^^^
  File "C:\Users\valef\anaconda3\envs\creditcard\Lib\site-packages\nbconvert\exporters\exporter.py", line 154, in from_notebook_node
    nb_copy, resources = self._preprocess(nb_copy, resources)
                         ~~~~~~~~~~~~~~~~^^^^^^^^^^^^^^^^^^^^
  File "C:\Users\valef\anaconda3\envs\creditcard\Lib\site-packages\nbconvert\exporters\exporter.py", line 353, in _preprocess
    nbc, resc = preprocessor(nbc, resc)
                ~~~~~~~~~~~~^^^^^^^^^^^
  File "C:\Users\valef\anaconda3\envs\creditcard\Lib\site-packages\nbconvert\preprocessors\base.py", line 48, in __call__
    return self.preprocess(nb, resources)
           ~~~~~~~~~~~~~~~^^^^^^^^^^^^^^^
  File "C:\Users\valef\anaconda3\envs\creditcard\Lib\site-packages\nbconvert\preprocessors\execute.py", line 103, in preprocess
    self.preprocess_cell(cell, resources, index)
    ~~~~~~~~~~~~~~~~~~~~^^^^^^^^^^^^^^^^^^^^^^^^
  File "C:\Users\valef\anaconda3\envs\creditcard\Lib\site-packages\nbconvert\preprocessors\execute.py", line 124, in preprocess_cell
    cell = self.execute_cell(cell, index, store_history=True)
  File "C:\Users\valef\anaconda3\envs\creditcard\Lib\site-packages\jupyter_core\utils\__init__.py", line 165, in wrapped
    return loop.run_until_complete(inner)
           ~~~~~~~~~~~~~~~~~~~~~~~^^^^^^^
  File "C:\Users\valef\anaconda3\envs\creditcard\Lib\asyncio\base_events.py", line 726, in run_until_complete
    return future.result()
           ~~~~~~~~~~~~~^^
  File "C:\Users\valef\anaconda3\envs\creditcard\Lib\site-packages\nbclient\client.py", line 1062, in async_execute_cell
    await self._check_raise_for_error(cell, cell_index, exec_reply)
  File "C:\Users\valef\anaconda3\envs\creditcard\Lib\site-packages\nbclient\client.py", line 918, in _check_raise_for_error
    raise CellExecutionError.from_cell_and_msg(cell, exec_reply_content)
nbclient.exceptions.CellExecutionError: An error occurred while executing the following cell:
------------------
table, results = run_experiments(
    X,
    y,
    models=models,
    techniques=techniques,
    methods=methods,
    n_outer_folds=n_outer_folds,
    n_inner_folds=n_inner_folds,
    optimizer_kwargs_by_method=optimizer_kwargs_by_method,
    checkpoint_path=config.EXPERIMENTS_MASTER_PATH,
    resume=True,
    n_jobs=n_jobs,
    timeout_seconds=timeout_seconds,
)

print(f"\n{len(results)} combinaciones nuevas corridas en esta sesion.")
print(f"{len(table)} filas totales en la tabla maestra ({config.EXPERIMENTS_MASTER_PATH}).")
------------------

----- stdout -----
[experiment_runner] 55 combinaciones ya en C:\Users\valef\OneDrive\Desktop\Credit_Card_Project\results\experiments_master.csv o C:\Users\valef\OneDrive\Desktop\Credit_Card_Project\results\skipped_timeout_log.csv, se omiten (resume=True).
[experiment_runner] 41 combinaciones a ejecutar.
----- stdout -----
[experiment_runner] OK xgboost/smote/genetic_deap — f1=0.5274±0.0044 (649.1s)
------------------

[31m---------------------------------------------------------------------------[39m
[31m_RemoteTraceback[39m                          Traceback (most recent call last)
[31m_RemoteTraceback[39m: 
"""
Traceback (most recent call last):
  File "C:\Users\valef\anaconda3\envs\creditcard\Lib\site-packages\joblib\externals\loky\process_executor.py", line 453, in _process_worker
    call_item = call_queue.get(block=True, timeout=timeout)
  File "C:\Users\valef\anaconda3\envs\creditcard\Lib\multiprocessing\queues.py", line 120, in get
    return _ForkingPickler.loads(res)
           ~~~~~~~~~~~~~~~~~~~~~^^^^^
  File "C:\Users\valef\anaconda3\envs\creditcard\Lib\site-packages\sklearn\__init__.py", line 70, in <module>
    from sklearn.base import clone  # noqa: E402
    ^^^^^^^^^^^^^^^^^^^^^^^^^^^^^^
  File "C:\Users\valef\anaconda3\envs\creditcard\Lib\site-packages\sklearn\base.py", line 20, in <module>
    from sklearn.utils._metadata_requests import _MetadataRequester, _routing_enabled
  File "C:\Users\valef\anaconda3\envs\creditcard\Lib\site-packages\sklearn\utils\__init__.py", line 9, in <module>
    from sklearn.utils._chunking import gen_batches, gen_even_slices
  File "C:\Users\valef\anaconda3\envs\creditcard\Lib\site-packages\sklearn\utils\_chunking.py", line 11, in <module>
    from sklearn.utils._param_validation import Interval, validate_params
  File "C:\Users\valef\anaconda3\envs\creditcard\Lib\site-packages\sklearn\utils\_param_validation.py", line 14, in <module>
    from scipy.sparse import csr_array, issparse
  File "C:\Users\valef\anaconda3\envs\creditcard\Lib\site-packages\scipy\sparse\__init__.py", line 251, in <module>
    from ._csr import *
  File "C:\Users\valef\anaconda3\envs\creditcard\Lib\site-packages\scipy\sparse\_csr.py", line 15, in <module>
    from ._compressed import _cs_matrix
  File "C:\Users\valef\anaconda3\envs\creditcard\Lib\site-packages\scipy\sparse\_compressed.py", line 8, in <module>
    from scipy._lib._util import _prune_array, copy_if_needed
  File "C:\Users\valef\anaconda3\envs\creditcard\Lib\site-packages\scipy\_lib\_util.py", line 16, in <module>
    from scipy._lib._array_api import (Array, array_namespace, is_lazy_array, is_numpy,
                                       is_marray, xp_size, xp_result_device, xp_result_type)
  File "C:\Users\valef\anaconda3\envs\creditcard\Lib\site-packages\scipy\_lib\_array_api.py", line 24, in <module>
    from scipy._external.array_api_compat import (
    ...<17 lines>...
    )
  File "C:\Users\valef\anaconda3\envs\creditcard\Lib\site-packages\scipy\_external\array_api_compat\numpy\__init__.py", line 9, in <module>
    __all__ = clone_module("numpy", globals())
  File "C:\Users\valef\anaconda3\envs\creditcard\Lib\site-packages\scipy\_external\array_api_compat\_internal.py", line 64, in clone_module
    exec(f"from {mod.__name__} import *", objs)
    ~~~~^^^^^^^^^^^^^^^^^^^^^^^^^^^^^^^^^^^^^^^
  File "<string>", line 1, in <module>
    from joblib.externals.loky.backend.popen_loky_win32 import main; main(pipe_handle=1408, parent_pid=31196)
    ^^^^^^^^^^^^^^^^^^^
  File "C:\Users\valef\anaconda3\envs\creditcard\Lib\site-packages\numpy\__init__.py", line 714, in __getattr__
    import numpy.random as random
  File "C:\Users\valef\anaconda3\envs\creditcard\Lib\site-packages\numpy\random\__init__.py", line 180, in <module>
    from . import _bounded_integers, _common, _pickle
  File "C:\Users\valef\anaconda3\envs\creditcard\Lib\site-packages\numpy\random\_pickle.py", line 1, in <module>
    from ._generator import Generator
ImportError: DLL load failed while importing _generator: El archivo de paginación es demasiado pequeño para completar la operación.
"""

The above exception was the direct cause of the following exception:

[31mBrokenProcessPool[39m                         Traceback (most recent call last)
[36mCell[39m[36m [39m[32mIn[4][39m[32m, line 1[39m
[32m----> [39m[32m1[39m table, results = run_experiments(
[32m      2[39m     X,
[32m      3[39m     y,
[32m      4[39m     models=models,

[36mFile [39m[32m~\OneDrive\Desktop\Credit_Card_Project\src\experiment_runner.py:435[39m, in [36mrun_experiments[39m[34m(X, y, models, techniques, methods, n_outer_folds, n_inner_folds, scoring, random_state, categorical_columns, optimizer_kwargs_by_method, n_jobs, backend, checkpoint_path, resume, timeout_seconds, skip_log_path)[39m
[32m    431[39m     [38;5;28;01mreturn[39;00m spec.name, technique, method, result
[32m    433[39m parallel = Parallel(n_jobs=n_jobs, backend=backend, return_as=[33m"[39m[33mgenerator[39m[33m"[39m)
[32m--> [39m[32m435[39m [30;43m[39;49m[30;43;01mfor[39;49;00m[30;43m [39;49m[30;43mmodel_name[39;49m[30;43m,[39;49m[30;43m [39;49m[30;43mtechnique[39;49m[30;43m,[39;49m[30;43m [39;49m[30;43mmethod[39;49m[30;43m,[39;49m[30;43m [39;49m[30;43mresult[39;49m[30;43m [39;49m[30;43;01min[39;49;00m[30;43m [39;49m[30;43mparallel[39;49m[30;43m([39;49m
[32m    436[39m [30;43m    [39;49m[30;43mdelayed[39;49m[30;43m([39;49m[30;43m_run_one[39;49m[30;43m)[39;49m[30;43m([39;49m[30;43mspec[39;49m[30;43m,[39;49m[30;43m [39;49m[30;43mtechnique[39;49m[30;43m,[39;49m[30;43m [39;49m[30;43mmethod[39;49m[30;43m)[39;49m[30;43m [39;49m[30;43;01mfor[39;49;00m[30;43m [39;49m[30;43mspec[39;49m[30;43m,[39;49m[30;43m [39;49m[30;43mtechnique[39;49m[30;43m,[39;49m[30;43m [39;49m[30;43mmethod[39;49m[30;43m [39;49m[30;43;01min[39;49;00m[30;43m [39;49m[30;43mpending[39;49m
[32m    437[39m [30;43m[39;49m[30;43m)[39;49m[30;43m:[39;49m
[32m    438[39m [30;43m    [39;49m[30;43mrow[39;49m[30;43m [39;49m[30;43m=[39;49m[30;43m [39;49m[30;43m_build_row[39;49m[30;43m([39;49m[30;43mresult[39;49m[30;43m,[39;49m[30;43m [39;49m[30;43mrandom_state[39;49m[30;43m=[39;49m[30;43mrandom_state[39;49m[30;43m,[39;49m[30;43m [39;49m[30;43mn_inner_folds[39;49m[30;43m=[39;49m[30;43mn_inner_folds[39;49m[30;43m)[39;49m
[32m    439[39m [30;43m    [39;49m[30;43m_append_row_to_csv[39;49m[30;43m([39;49m[30;43mrow[39;49m[30;43m,[39;49m[30;43m [39;49m[30;43mcheckpoint_path[39;49m[30;43m)[39;49m

[36mFile [39m[32m~\anaconda3\envs\creditcard\Lib\site-packages\joblib\parallel.py:1940[39m, in [36mParallel._get_sequential_output[39m[34m(self, iterable)[39m
[32m   1938[39m [38;5;28mself[39m.n_dispatched_batches += [32m1[39m
[32m   1939[39m [38;5;28mself[39m.n_dispatched_tasks += [32m1[39m
[32m-> [39m[32m1940[39m res = [30;43mfunc[39;49m[30;43m([39;49m[30;43m*[39;49m[30;43margs[39;49m[30;43m,[39;49m[30;43m [39;49m[30;43m*[39;49m[30;43m*[39;49m[30;43mkwargs[39;49m[30;43m)[39;49m
[32m   1941[39m [38;5;28mself[39m.n_completed_tasks += [32m1[39m
[32m   1942[39m [38;5;28mself[39m.print_progress()

[36mFile [39m[32m~\OneDrive\Desktop\Credit_Card_Project\src\experiment_runner.py:418[39m, in [36mrun_experiments.<locals>._run_one[39m[34m(spec, technique, method)[39m
[32m    416[39m [38;5;28;01mdef[39;00m[38;5;250m [39m[34m_run_one[39m(spec: ModelSpec, technique: [38;5;28mstr[39m, method: [38;5;28mstr[39m):
[32m    417[39m     opt_kwargs = (optimizer_kwargs_by_method [38;5;129;01mor[39;00m {}).get(method, {})
[32m--> [39m[32m418[39m     result = [30;43mrun_single_experiment[39;49m[30;43m([39;49m
[32m    419[39m [30;43m        [39;49m[30;43mspec[39;49m[30;43m,[39;49m
[32m    420[39m [30;43m        [39;49m[30;43mtechnique[39;49m[30;43m,[39;49m
[32m    421[39m [30;43m        [39;49m[30;43mmethod[39;49m[30;43m,[39;49m
[32m    422[39m [30;43m        [39;49m[30;43mX[39;49m[30;43m,[39;49m
[32m    423[39m [30;43m        [39;49m[30;43my[39;49m[30;43m,[39;49m
[32m    424[39m [30;43m        [39;49m[30;43mn_outer_folds[39;49m[30;43m=[39;49m[30;43mn_outer_folds[39;49m[30;43m,[39;49m
[32m    425[39m [30;43m        [39;49m[30;43mn_inner_folds[39;49m[30;43m=[39;49m[30;43mn_inner_folds[39;49m[30;43m,[39;49m
[32m    426[39m [30;43m        [39;49m[30;43mscoring[39;49m[30;43m=[39;49m[30;43mscoring[39;49m[30;43m,[39;49m
[32m    427[39m [30;43m        [39;49m[30;43mrandom_state[39;49m[30;43m=[39;49m[30;43mrandom_state[39;49m[30;43m,[39;49m
[32m    428[39m [30;43m        [39;49m[30;43mcategorical_columns[39;49m[30;43m=[39;49m[30;43mcategorical_columns[39;49m[30;43m,[39;49m
[32m    429[39m [30;43m        [39;49m[30;43moptimizer_kwargs[39;49m[30;43m=[39;49m[30;43mopt_kwargs[39;49m[30;43m,[39;49m
[32m    430[39m [30;43m    [39;49m[30;43m)[39;49m
[32m    431[39m     [38;5;28;01mreturn[39;00m spec.name, technique, method, result

[36mFile [39m[32m~\OneDrive\Desktop\Credit_Card_Project\src\experiment_runner.py:186[39m, in [36mrun_single_experiment[39m[34m(spec, technique, method, X, y, n_outer_folds, n_inner_folds, scoring, random_state, categorical_columns, optimizer_kwargs)[39m
[32m    167[39m [38;5;28;01mdef[39;00m[38;5;250m [39m[34mrun_single_experiment[39m(
[32m    168[39m     spec: ModelSpec,
[32m    169[39m     technique: [38;5;28mstr[39m,
[32m   (...)[39m[32m    178[39m     optimizer_kwargs: [38;5;28mdict[39m[[38;5;28mstr[39m, Any] | [38;5;28;01mNone[39;00m = [38;5;28;01mNone[39;00m,
[32m    179[39m ) -> NestedCVResult:
[32m    180[39m [38;5;250m    [39m[33;03m"""Corre UNA combinación (modelo, técnica, método) de punta a punta.[39;00m
[32m    181[39m 
[32m    182[39m [33;03m    Delgado wrapper sobre ``nested_cv.run_nested_cv`` — expuesto acá para[39;00m
[32m    183[39m [33;03m    poder probar/depurar una sola combinación sin pasar por el batch[39;00m
[32m    184[39m [33;03m    completo de ``run_experiments``.[39;00m
[32m    185[39m [33;03m    """[39;00m
[32m--> [39m[32m186[39m     [38;5;28;01mreturn[39;00m [30;43mrun_nested_cv[39;49m[30;43m([39;49m
[32m    187[39m [30;43m        [39;49m[30;43mspec[39;49m[30;43m,[39;49m
[32m    188[39m [30;43m        [39;49m[30;43mtechnique[39;49m[30;43m,[39;49m
[32m    189[39m [30;43m        [39;49m[30;43mmethod[39;49m[30;43m,[39;49m
[32m    190[39m [30;43m        [39;49m[30;43mX[39;49m[30;43m,[39;49m
[32m    191[39m [30;43m        [39;49m[30;43my[39;49m[30;43m,[39;49m
[32m    192[39m [30;43m        [39;49m[30;43mn_outer_folds[39;49m[30;43m=[39;49m[30;43mn_outer_folds[39;49m[30;43m,[39;49m
[32m    193[39m [30;43m        [39;49m[30;43mn_inner_folds[39;49m[30;43m=[39;49m[30;43mn_inner_folds[39;49m[30;43m,[39;49m
[32m    194[39m [30;43m        [39;49m[30;43mscoring[39;49m[30;43m=[39;49m[30;43mscoring[39;49m[30;43m,[39;49m
[32m    195[39m [30;43m        [39;49m[30;43mrandom_state[39;49m[30;43m=[39;49m[30;43mrandom_state[39;49m[30;43m,[39;49m
[32m    196[39m [30;43m        [39;49m[30;43mcategorical_columns[39;49m[30;43m=[39;49m[30;43mcategorical_columns[39;49m[30;43m,[39;49m
[32m    197[39m [30;43m        [39;49m[30;43moptimizer_kwargs[39;49m[30;43m=[39;49m[30;43moptimizer_kwargs[39;49m[30;43m,[39;49m
[32m    198[39m [30;43m    [39;49m[30;43m)[39;49m

[36mFile [39m[32m~\OneDrive\Desktop\Credit_Card_Project\src\nested_cv.py:255[39m, in [36mrun_nested_cv[39m[34m(spec, technique, method, X, y, n_outer_folds, n_inner_folds, scoring, random_state, categorical_columns, optimizer_kwargs)[39m
[32m    252[39m y_train_outer, y_test_outer = y.iloc[train_idx], y.iloc[test_idx]
[32m    254[39m t0 = time.time()
[32m--> [39m[32m255[39m opt_result: OptimizationResult = [30;43mrun_optimization[39;49m[30;43m([39;49m
[32m    256[39m [30;43m    [39;49m[30;43mmethod[39;49m[30;43m,[39;49m
[32m    257[39m [30;43m    [39;49m[30;43mspec[39;49m[30;43m,[39;49m
[32m    258[39m [30;43m    [39;49m[30;43mtechnique[39;49m[30;43m,[39;49m
[32m    259[39m [30;43m    [39;49m[30;43mX_train_outer[39;49m[30;43m,[39;49m
[32m    260[39m [30;43m    [39;49m[30;43my_train_outer[39;49m[30;43m,[39;49m
[32m    261[39m [30;43m    [39;49m[30;43minner_cv[39;49m[30;43m,[39;49m
[32m    262[39m [30;43m    [39;49m[30;43mscoring[39;49m[30;43m=[39;49m[30;43mscoring[39;49m[30;43m,[39;49m
[32m    263[39m [30;43m    [39;49m[30;43mrandom_state[39;49m[30;43m=[39;49m[30;43mrandom_state[39;49m[30;43m,[39;49m
[32m    264[39m [30;43m    [39;49m[30;43mpreprocessing_steps[39;49m[30;43m=[39;49m[30;43mpreprocessing_steps[39;49m[30;43m,[39;49m
[32m    265[39m [30;43m    [39;49m[30;43m*[39;49m[30;43m*[39;49m[30;43m([39;49m[30;43moptimizer_kwargs[39;49m[30;43m [39;49m[30;43;01mor[39;49;00m[30;43m [39;49m[30;43m{[39;49m[30;43m}[39;49m[30;43m)[39;49m[30;43m,[39;49m
[32m    266[39m [30;43m[39;49m[30;43m)[39;49m
[32m    267[39m fit_time_seconds = time.time() - t0
[32m    269[39m [38;5;66;03m# best_pipeline ya viene reajustado sobre TODO X_train_outer[39;00m
[32m    270[39m [38;5;66;03m# (contrato de optimization.OptimizationResult) — se evalúa aquí[39;00m
[32m    271[39m [38;5;66;03m# sobre X_test_outer, nunca visto durante la optimización.[39;00m

[36mFile [39m[32m~\OneDrive\Desktop\Credit_Card_Project\src\optimization.py:689[39m, in [36mrun_optimization[39m[34m(method, spec, technique, X, y, cv, scoring, random_state, preprocessing_steps, **kwargs)[39m
[32m    687[39m [38;5;28;01mif[39;00m method [38;5;129;01mnot[39;00m [38;5;129;01min[39;00m _DISPATCH:
[32m    688[39m     [38;5;28;01mraise[39;00m [38;5;167;01mValueError[39;00m([33mf[39m[33m"[39m[33mMétodo de optimización desconocido: [39m[33m'[39m[38;5;132;01m{[39;00mmethod[38;5;132;01m}[39;00m[33m'[39m[33m. Opciones: [39m[38;5;132;01m{[39;00mOPTIMIZATION_METHODS[38;5;132;01m}[39;00m[33m"[39m)
[32m--> [39m[32m689[39m [38;5;28;01mreturn[39;00m [30;43m_DISPATCH[39;49m[30;43m[[39;49m[30;43mmethod[39;49m[30;43m][39;49m[30;43m([39;49m
[32m    690[39m [30;43m    [39;49m[30;43mspec[39;49m[30;43m,[39;49m
[32m    691[39m [30;43m    [39;49m[30;43mtechnique[39;49m[30;43m,[39;49m
[32m    692[39m [30;43m    [39;49m[30;43mX[39;49m[30;43m,[39;49m
[32m    693[39m [30;43m    [39;49m[30;43my[39;49m[30;43m,[39;49m
[32m    694[39m [30;43m    [39;49m[30;43mcv[39;49m[30;43m,[39;49m
[32m    695[39m [30;43m    [39;49m[30;43mscoring[39;49m[30;43m=[39;49m[30;43mscoring[39;49m[30;43m,[39;49m
[32m    696[39m [30;43m    [39;49m[30;43mrandom_state[39;49m[30;43m=[39;49m[30;43mrandom_state[39;49m[30;43m,[39;49m
[32m    697[39m [30;43m    [39;49m[30;43mpreprocessing_steps[39;49m[30;43m=[39;49m[30;43mpreprocessing_steps[39;49m[30;43m,[39;49m
[32m    698[39m [30;43m    [39;49m[30;43m*[39;49m[30;43m*[39;49m[30;43mkwargs[39;49m[30;43m,[39;49m
[32m    699[39m [30;43m[39;49m[30;43m)[39;49m

[36mFile [39m[32m~\OneDrive\Desktop\Credit_Card_Project\src\optimization.py:161[39m, in [36mrun_grid_search[39m[34m(spec, technique, X, y, cv, scoring, n_jobs, random_state, preprocessing_steps)[39m
[32m    148[39m param_grid = {
[32m    149[39m     [33mf[39m[33m"[39m[33mmodel__[39m[38;5;132;01m{[39;00mk[38;5;132;01m}[39;00m[33m"[39m: v
[32m    150[39m     [38;5;28;01mfor[39;00m k, v [38;5;129;01min[39;00m get_param_grid(spec, max_combinations=spec.grid_search_max_combinations).items()
[32m    151[39m }
[32m    153[39m search = GridSearchCV(
[32m    154[39m     base_pipeline,
[32m    155[39m     param_grid=param_grid,
[32m   (...)[39m[32m    159[39m     refit=[38;5;28;01mTrue[39;00m,
[32m    160[39m )
[32m--> [39m[32m161[39m [30;43msearch[39;49m[30;43m.[39;49m[30;43mfit[39;49m[30;43m([39;49m[30;43mX[39;49m[30;43m,[39;49m[30;43m [39;49m[30;43my[39;49m[30;43m)[39;49m
[32m    163[39m [38;5;28;01mreturn[39;00m OptimizationResult(
[32m    164[39m     method=[33m"[39m[33mgrid_search[39m[33m"[39m,
[32m    165[39m     best_params={k.replace([33m"[39m[33mmodel__[39m[33m"[39m, [33m"[39m[33m"[39m): v [38;5;28;01mfor[39;00m k, v [38;5;129;01min[39;00m search.best_params_.items()},
[32m   (...)[39m[32m    169[39m     diagnostics={[33m"[39m[33mparam_grid[39m[33m"[39m: param_grid},
[32m    170[39m )

[36mFile [39m[32m~\anaconda3\envs\creditcard\Lib\site-packages\sklearn\base.py:1403[39m, in [36m_fit_context.<locals>.decorator.<locals>.wrapper[39m[34m(estimator, *args, **kwargs)[39m
[32m   1393[39m     estimator._validate_params()
[32m   1395[39m [38;5;28;01mwith[39;00m (
[32m   1396[39m     config_context(
[32m   1397[39m         skip_parameter_validation=(
[32m   (...)[39m[32m   1401[39m     callback_management_context(estimator),
[32m   1402[39m ):
[32m-> [39m[32m1403[39m     [38;5;28;01mreturn[39;00m [30;43mfit_method[39;49m[30;43m([39;49m[30;43mestimator[39;49m[30;43m,[39;49m[30;43m [39;49m[30;43m*[39;49m[30;43margs[39;49m[30;43m,[39;49m[30;43m [39;49m[30;43m*[39;49m[30;43m*[39;49m[30;43mkwargs[39;49m[30;43m)[39;49m

[36mFile [39m[32m~\anaconda3\envs\creditcard\Lib\site-packages\sklearn\model_selection\_search.py:1134[39m, in [36mBaseSearchCV.fit[39m[34m(self, X, y, **params)[39m
[32m   1131[39m     [38;5;28;01mreturn[39;00m results
[32m   1133[39m [38;5;28;01mif[39;00m [33m"[39m[33mcallback_ctx[39m[33m"[39m [38;5;129;01min[39;00m signature([38;5;28mself[39m._run_search).parameters:
[32m-> [39m[32m1134[39m     [30;43mself[39;49m[30;43m.[39;49m[30;43m_run_search[39;49m[30;43m([39;49m[30;43mevaluate_candidates[39;49m[30;43m,[39;49m[30;43m [39;49m[30;43mcallback_ctx[39;49m[30;43m=[39;49m[30;43mroot_callback_ctx[39;49m[30;43m)[39;49m
[32m   1135[39m [38;5;28;01melse[39;00m:
[32m   1136[39m     [38;5;66;03m# custom search classes[39;00m
[32m   1137[39m     [38;5;28mself[39m._run_search(evaluate_candidates)

[36mFile [39m[32m~\anaconda3\envs\creditcard\Lib\site-packages\sklearn\model_selection\_search.py:1721[39m, in [36mGridSearchCV._run_search[39m[34m(self, evaluate_candidates, callback_ctx)[39m
[32m   1713[39m candidate_params = ParameterGrid([38;5;28mself[39m.param_grid)
[32m   1715[39m search_ctx = callback_ctx.subcontext(
[32m   1716[39m     task_name=[33m"[39m[33msearch[39m[33m"[39m,
[32m   1717[39m     max_subtasks=[38;5;28mlen[39m(candidate_params) * [38;5;28mself[39m.n_splits_,
[32m   1718[39m     sequential_subtasks=[38;5;28;01mFalse[39;00m,
[32m   1719[39m ).call_on_fit_task_begin(estimator=[38;5;28mself[39m)
[32m-> [39m[32m1721[39m [30;43mevaluate_candidates[39;49m[30;43m([39;49m[30;43mParameterGrid[39;49m[30;43m([39;49m[30;43mself[39;49m[30;43m.[39;49m[30;43mparam_grid[39;49m[30;43m)[39;49m[30;43m,[39;49m[30;43m [39;49m[30;43mcallback_ctx[39;49m[30;43m=[39;49m[30;43msearch_ctx[39;49m[30;43m)[39;49m
[32m   1723[39m search_ctx.call_on_fit_task_end(estimator=[38;5;28mself[39m)

[36mFile [39m[32m~\anaconda3\envs\creditcard\Lib\site-packages\sklearn\model_selection\_search.py:1083[39m, in [36mBaseSearchCV.fit.<locals>.evaluate_candidates[39m[34m(candidate_params, cv, more_results, callback_ctx)[39m
[32m   1080[39m [38;5;28;01melse[39;00m:
[32m   1081[39m     evaluation_contexts = [[38;5;28;01mNone[39;00m] * [38;5;28mlen[39m(candidate_split_pairs)
[32m-> [39m[32m1083[39m out = [30;43mparallel[39;49m[30;43m([39;49m
[32m   1084[39m [30;43m    [39;49m[30;43mdelayed[39;49m[30;43m([39;49m[30;43m_fit_and_score[39;49m[30;43m)[39;49m[30;43m([39;49m
[32m   1085[39m [30;43m        [39;49m[30;43mclone[39;49m[30;43m([39;49m[30;43mbase_estimator[39;49m[30;43m)[39;49m[30;43m,[39;49m
[32m   1086[39m [30;43m        [39;49m[30;43mX[39;49m[30;43m,[39;49m
[32m   1087[39m [30;43m        [39;49m[30;43my[39;49m[30;43m,[39;49m
[32m   1088[39m [30;43m        [39;49m[30;43mtrain[39;49m[30;43m=[39;49m[30;43mtrain[39;49m[30;43m,[39;49m
[32m   1089[39m [30;43m        [39;49m[30;43mtest[39;49m[30;43m=[39;49m[30;43mtest[39;49m[30;43m,[39;49m
[32m   1090[39m [30;43m        [39;49m[30;43mparameters[39;49m[30;43m=[39;49m[30;43mparameters[39;49m[30;43m,[39;49m
[32m   1091[39m [30;43m        [39;49m[30;43msplit_progress[39;49m[30;43m=[39;49m[30;43m([39;49m[30;43msplit_idx[39;49m[30;43m,[39;49m[30;43m [39;49m[30;43mn_splits[39;49m[30;43m)[39;49m[30;43m,[39;49m
[32m   1092[39m [30;43m        [39;49m[30;43mcandidate_progress[39;49m[30;43m=[39;49m[30;43m([39;49m[30;43mcand_idx[39;49m[30;43m,[39;49m[30;43m [39;49m[30;43mn_candidates[39;49m[30;43m)[39;49m[30;43m,[39;49m
[32m   1093[39m [30;43m        [39;49m[30;43m*[39;49m[30;43m*[39;49m[30;43mfit_and_score_kwargs[39;49m[30;43m,[39;49m
[32m   1094[39m [30;43m        [39;49m[30;43mcaller[39;49m[30;43m=[39;49m[30;43mself[39;49m[30;43m,[39;49m
[32m   1095[39m [30;43m        [39;49m[30;43mcallback_ctx[39;49m[30;43m=[39;49m[30;43mevaluation_ctx[39;49m[30;43m,[39;49m
[32m   1096[39m [30;43m    [39;49m[30;43m)[39;49m
[32m   1097[39m [30;43m    [39;49m[30;43;01mfor[39;49;00m[30;43m [39;49m[30;43m([39;49m
[32m   1098[39m [30;43m        [39;49m[30;43m([39;49m[30;43m([39;49m[30;43mcand_idx[39;49m[30;43m,[39;49m[30;43m [39;49m[30;43mparameters[39;49m[30;43m)[39;49m[30;43m,[39;49m[30;43m [39;49m[30;43m([39;49m[30;43msplit_idx[39;49m[30;43m,[39;49m[30;43m [39;49m[30;43m([39;49m[30;43mtrain[39;49m[30;43m,[39;49m[30;43m [39;49m[30;43mtest[39;49m[30;43m)[39;49m[30;43m)[39;49m[30;43m)[39;49m[30;43m,[39;49m
[32m   1099[39m [30;43m        [39;49m[30;43mevaluation_ctx[39;49m[30;43m,[39;49m
[32m   1100[39m [30;43m    [39;49m[30;43m)[39;49m[30;43m [39;49m[30;43;01min[39;49;00m[30;43m [39;49m[30;43mzip[39;49m[30;43m([39;49m[30;43mcandidate_split_pairs[39;49m[30;43m,[39;49m[30;43m [39;49m[30;43mevaluation_contexts[39;49m[30;43m)[39;49m
[32m   1101[39m [30;43m[39;49m[30;43m)[39;49m
[32m   1103[39m [38;5;28;01mif[39;00m [38;5;28mlen[39m(out) < [32m1[39m:
[32m   1104[39m     [38;5;28;01mraise[39;00m [38;5;167;01mValueError[39;00m(
[32m   1105[39m         [33m"[39m[33mNo fits were performed. [39m[33m"[39m
[32m   1106[39m         [33m"[39m[33mWas the CV iterator empty? [39m[33m"[39m
[32m   1107[39m         [33m"[39m[33mWere there no candidates?[39m[33m"[39m
[32m   1108[39m     )

[36mFile [39m[32m~\anaconda3\envs\creditcard\Lib\site-packages\sklearn\utils\parallel.py:91[39m, in [36mParallel.__call__[39m[34m(self, iterable)[39m
[32m     79[39m warning_filters = (
[32m     80[39m     filters_func() [38;5;28;01mif[39;00m filters_func [38;5;129;01mis[39;00m [38;5;129;01mnot[39;00m [38;5;28;01mNone[39;00m [38;5;28;01melse[39;00m warnings.filters
[32m     81[39m )
[32m     83[39m iterable_with_config_and_warning_filters = (
[32m     84[39m     (
[32m     85[39m         _with_config_and_warning_filters(delayed_func, config, warning_filters),
[32m   (...)[39m[32m     89[39m     [38;5;28;01mfor[39;00m delayed_func, args, kwargs [38;5;129;01min[39;00m iterable
[32m     90[39m )
[32m---> [39m[32m91[39m [38;5;28;01mreturn[39;00m [30;43msuper[39;49m[30;43m([39;49m[30;43m)[39;49m[30;43m.[39;49m[30;43m__call__[39;49m[30;43m([39;49m[30;43miterable_with_config_and_warning_filters[39;49m[30;43m)[39;49m

[36mFile [39m[32m~\anaconda3\envs\creditcard\Lib\site-packages\joblib\parallel.py:2098[39m, in [36mParallel.__call__[39m[34m(self, iterable)[39m
[32m   2092[39m [38;5;66;03m# The first item from the output is blank, but it makes the interpreter[39;00m
[32m   2093[39m [38;5;66;03m# progress until it enters the Try/Except block of the generator and[39;00m
[32m   2094[39m [38;5;66;03m# reaches the first `yield` statement. This starts the asynchronous[39;00m
[32m   2095[39m [38;5;66;03m# dispatch of the tasks to the workers.[39;00m
[32m   2096[39m [38;5;28mnext[39m(output)
[32m-> [39m[32m2098[39m [38;5;28;01mreturn[39;00m output [38;5;28;01mif[39;00m [38;5;28mself[39m.return_generator [38;5;28;01melse[39;00m [30;43mlist[39;49m[30;43m([39;49m[30;43moutput[39;49m[30;43m)[39;49m

[36mFile [39m[32m~\anaconda3\envs\creditcard\Lib\site-packages\joblib\parallel.py:1704[39m, in [36mParallel._get_outputs[39m[34m(self, iterator, pre_dispatch)[39m
[32m   1701[39m     [38;5;28;01myield[39;00m
[32m   1703[39m     [38;5;28;01mwith[39;00m [38;5;28mself[39m._backend.retrieval_context():
[32m-> [39m[32m1704[39m         [38;5;28;01myield from[39;00m [38;5;28mself[39m._retrieve()
[32m   1706[39m [38;5;28;01mexcept[39;00m [38;5;167;01mGeneratorExit[39;00m:
[32m   1707[39m     [38;5;66;03m# The generator has been garbage collected before being fully[39;00m
[32m   1708[39m     [38;5;66;03m# consumed. This aborts the remaining tasks if possible and warn[39;00m
[32m   1709[39m     [38;5;66;03m# the user if necessary.[39;00m
[32m   1710[39m     [38;5;28mself[39m._exception = [38;5;28;01mTrue[39;00m

[36mFile [39m[32m~\anaconda3\envs\creditcard\Lib\site-packages\joblib\parallel.py:1806[39m, in [36mParallel._retrieve[39m[34m(self)[39m
[32m   1800[39m [38;5;28;01mwhile[39;00m [38;5;28mself[39m._wait_retrieval():
[32m   1801[39m     [38;5;66;03m# If the callback thread of a worker has signaled that its task[39;00m
[32m   1802[39m     [38;5;66;03m# triggered an exception, or if the retrieval loop has raised an[39;00m
[32m   1803[39m     [38;5;66;03m# exception (e.g. `GeneratorExit`), exit the loop and surface the[39;00m
[32m   1804[39m     [38;5;66;03m# worker traceback.[39;00m
[32m   1805[39m     [38;5;28;01mif[39;00m [38;5;28mself[39m._aborting:
[32m-> [39m[32m1806[39m         [30;43mself[39;49m[30;43m.[39;49m[30;43m_raise_error_fast[39;49m[30;43m([39;49m[30;43m)[39;49m
[32m   1807[39m         [38;5;28;01mbreak[39;00m
[32m   1809[39m     nb_jobs = [38;5;28mlen[39m([38;5;28mself[39m._jobs)

[36mFile [39m[32m~\anaconda3\envs\creditcard\Lib\site-packages\joblib\parallel.py:1885[39m, in [36mParallel._raise_error_fast[39m[34m(self)[39m
[32m   1881[39m [38;5;66;03m# If this error job exists, immediately raise the error by[39;00m
[32m   1882[39m [38;5;66;03m# calling get_result. This job might not exists if abort has been[39;00m
[32m   1883[39m [38;5;66;03m# called directly or if the generator is gc'ed.[39;00m
[32m   1884[39m [38;5;28;01mif[39;00m error_job [38;5;129;01mis[39;00m [38;5;129;01mnot[39;00m [38;5;28;01mNone[39;00m:
[32m-> [39m[32m1885[39m     [30;43merror_job[39;49m[30;43m.[39;49m[30;43mget_result[39;49m[30;43m([39;49m[30;43mself[39;49m[30;43m.[39;49m[30;43mtimeout[39;49m[30;43m)[39;49m

[36mFile [39m[32m~\anaconda3\envs\creditcard\Lib\site-packages\joblib\parallel.py:780[39m, in [36mBatchCompletionCallBack.get_result[39m[34m(self, timeout)[39m
[32m    774[39m backend = [38;5;28mself[39m.parallel._backend
[32m    776[39m [38;5;28;01mif[39;00m backend.supports_retrieve_callback:
[32m    777[39m     [38;5;66;03m# We assume that the result has already been retrieved by the[39;00m
[32m    778[39m     [38;5;66;03m# callback thread, and is stored internally. It's just waiting to[39;00m
[32m    779[39m     [38;5;66;03m# be returned.[39;00m
[32m--> [39m[32m780[39m     [38;5;28;01mreturn[39;00m [30;43mself[39;49m[30;43m.[39;49m[30;43m_return_or_raise[39;49m[30;43m([39;49m[30;43m)[39;49m
[32m    782[39m [38;5;66;03m# For other backends, the main thread needs to run the retrieval step.[39;00m
[32m    783[39m [38;5;28;01mtry[39;00m:

[36mFile [39m[32m~\anaconda3\envs\creditcard\Lib\site-packages\joblib\parallel.py:795[39m, in [36mBatchCompletionCallBack._return_or_raise[39m[34m(self)[39m
[32m    793[39m [38;5;28;01mtry[39;00m:
[32m    794[39m     [38;5;28;01mif[39;00m [38;5;28mself[39m.status == TASK_ERROR:
[32m--> [39m[32m795[39m         [38;5;28;01mraise[39;00m [38;5;28mself[39m._result
[32m    796[39m     [38;5;28;01mreturn[39;00m [38;5;28mself[39m._result
[32m    797[39m [38;5;28;01mfinally[39;00m:

[31mBrokenProcessPool[39m: A task has failed to un-serialize. Please ensure that the arguments of the function are all picklable.

